==38577== Memcheck, a memory error detector
==38577== Copyright (C) 2002-2026, and GNU GPL'd, by Julian Seward et al.
==38577== Using Valgrind-3.27.1-b50f9a09ca-20260520 and LibVEX; rerun with -h for copyright info
==38577== Command: ./lf -H /home/bill
==38577== Parent PID: 38576
==38577== 
--38577-- 
--38577-- Valgrind options:
--38577--    -v
--38577--    --tool=memcheck
--38577--    --log-file=valgrind.out
--38577--    --leak-check=full
--38577--    --show-leak-kinds=definite
--38577--    --show-reachable=no
--38577--    --num-callers=30
--38577--    --leak-resolution=high
--38577--    --track-origins=yes
--38577--    --keep-debuginfo=yes
--38577--    --suppressions=valgrind.supp
--38577--    --gen-suppressions=all
--38577-- Contents of /proc/version:
--38577--   Linux version 7.2.6-1-default (geeko@buildhost) (gcc (SUSE Linux) 16.2.0, GNU ld (GNU Binutils; openSUSE Tumbleweed) 2.45.0.20251103-4) #1 SMP PREEMPT_DYNAMIC Tue Sep 15 06:50:07 UTC 2026 (3d19f11)
--38577-- 
--38577-- Arch and hwcaps: AMD64, LittleEndian, amd64-cx16-rdtscp-sse3-ssse3-avx
--38577-- Page sizes: currently 4096, max supported 4096
--38577-- Valgrind library directory: /usr/libexec/valgrind
--38577-- Reading syms from /usr/local/src/C-Menu/src/lf
--38577-- Reading syms from /usr/lib64/ld-linux-x86-64.so.2
--38577--   Considering /usr/lib/debug/.build-id/84/0afae9d42474ec4d7bfc26037b3a73666755d6.debug ..
--38577--   .. build-id is valid
--38577-- Reading syms from /usr/libexec/valgrind/memcheck-amd64-linux
--38577--    object doesn't have a dynamic symbol table
--38577-- Scheduler: using generic scheduler lock implementation.
--38577-- Reading suppressions file: valgrind.supp
--38577-- Reading suppressions file: /usr/libexec/valgrind/default.supp
==38577== embedded gdbserver: reading from /tmp/vgdb-pipe-from-vgdb-to-38577-by-bill-on-bw1
==38577== embedded gdbserver: writing to   /tmp/vgdb-pipe-to-vgdb-from-38577-by-bill-on-bw1
==38577== embedded gdbserver: shared mem   /tmp/vgdb-pipe-shared-mem-vgdb-38577-by-bill-on-bw1
==38577== 
==38577== TO CONTROL THIS PROCESS USING vgdb (which you probably
==38577== don't want to do, unless you know exactly what you're doing,
==38577== or are doing some strange experiment):
==38577==   /usr/libexec/valgrind/../../bin/vgdb --pid=38577 ...command...
==38577== 
==38577== TO DEBUG THIS PROCESS USING GDB: start GDB like this
==38577==   /path/to/gdb ./lf
==38577== and then give GDB the following command
==38577==   target remote | /usr/libexec/valgrind/../../bin/vgdb --pid=38577
==38577== --pid is optional if only one valgrind process is running
==38577== 
--38577--   Considering /usr/lib/debug/.build-id/33/662c0535f82da7082568fed45b5c60415cec18.debug ..
--38577--   .. build-id is valid
--38577-- REDIR: 0x402bc4e (ld-linux-x86-64.so.2:strlen) redirected to 0x58259682 (vgPlain_amd64_linux_REDIR_FOR_strlen)
--38577-- REDIR: 0x402a59e (ld-linux-x86-64.so.2:strcmp) redirected to 0x5825969c (vgPlain_amd64_linux_REDIR_FOR_strcmp)
--38577-- REDIR: 0x402a35e (ld-linux-x86-64.so.2:index) redirected to 0x582596d5 (vgPlain_amd64_linux_REDIR_FOR_index)
--38577-- REDIR: 0x402968e (ld-linux-x86-64.so.2:bcmp) redirected to 0x582596b7 (vgPlain_amd64_linux_REDIR_FOR_memcmp)
--38577-- Reading syms from /usr/libexec/valgrind/vgpreload_core-amd64-linux.so
--38577-- Reading syms from /usr/libexec/valgrind/vgpreload_memcheck-amd64-linux.so
==38577== WARNING: new redirection conflicts with existing -- ignoring it
--38577--     old: 0x0402a59e (strcmp              ) R-> (0000.0) 0x5825969c vgPlain_amd64_linux_REDIR_FOR_strcmp
--38577--   Considering /usr/lib/debug/.build-id/83/8a1ecfe1ea4d9e17d024a6774cb44ae5216e91.debug ..
--38577--   .. build-id is valid
--38577--     new: 0x0402a59e (strcmp              ) R-> (2016.0) 0x048897b0 strcmp
==38577== WARNING: new redirection conflicts with existing -- ignoring it
--38577--     old: 0x0402bc4e (strlen              ) R-> (0000.0) 0x58259682 vgPlain_amd64_linux_REDIR_FOR_strlen
--38577--     new: 0x0402bc4e (strlen              ) R-> (2007.0) 0x04888380 strlen
--38577-- REDIR: 0x402997e (ld-linux-x86-64.so.2:mempcpy) redirected to 0x488df20 (mempcpy)
--38577-- Reading syms from /usr/local/src/C-Menu/src/libcm.so
--38577-- Reading syms from /usr/lib64/libm.so.6
--38577-- Reading syms from /usr/lib64/libpanelw.so.6.6
--38577-- Reading syms from /usr/lib64/libncursesw.so.6.6
--38577-- Reading syms from /usr/lib64/libc.so.6
--38577--   Considering /usr/lib/debug/.build-id/aa/9d4edc4e25f8842c8f1e29eaaaf78a6197b3d7.debug ..
--38577--   .. build-id is valid
--38577-- Reading syms from /usr/lib64/libtinfo.so.6.6
--38577-- REDIR: 0x402bdfe (ld-linux-x86-64.so.2:strncmp) redirected to 0x4888f50 (strncmp)
--38577--   Considering /usr/lib/debug/.build-id/19/4db343d4e30db4e5db5e85fc5903e0aa673158.debug ..
--38577--   .. build-id is valid
--38577-- REDIR: 0x4ae037e (libc.so.6:strnlen) redirected to 0x48741c0 (_vgnU_ifunc_wrapper)
--38577-- REDIR: 0x4ae041e (libc.so.6:strpbrk) redirected to 0x48741c0 (_vgnU_ifunc_wrapper)
--38577-- REDIR: 0x4addf8e (libc.so.6:strcmp) redirected to 0x48741c0 (_vgnU_ifunc_wrapper)
--38577-- REDIR: 0x4af613e (libc.so.6:wcsnlen) redirected to 0x48741c0 (_vgnU_ifunc_wrapper)
--38577-- REDIR: 0x4adcede (libc.so.6:memset) redirected to 0x48741c0 (_vgnU_ifunc_wrapper)
--38577-- REDIR: 0x4af575e (libc.so.6:wcslen) redirected to 0x48741c0 (_vgnU_ifunc_wrapper)
--38577-- REDIR: 0x4b5d58e (libc.so.6:__memcpy_chk) redirected to 0x48741c0 (_vgnU_ifunc_wrapper)
--38577-- REDIR: 0x4adce4e (libc.so.6:memrchr) redirected to 0x48741c0 (_vgnU_ifunc_wrapper)
--38577-- REDIR: 0x4af60ce (libc.so.6:wcsncpy) redirected to 0x48741c0 (_vgnU_ifunc_wrapper)
--38577-- REDIR: 0x4adc22e (libc.so.6:memcpy@@GLIBC_2.14) redirected to 0x48741c0 (_vgnU_ifunc_wrapper)
--38577-- REDIR: 0x4af443e (libc.so.6:wcschr) redirected to 0x48741c0 (_vgnU_ifunc_wrapper)
--38577-- REDIR: 0x4adde4e (libc.so.6:index) redirected to 0x48741c0 (_vgnU_ifunc_wrapper)
--38577-- REDIR: 0x4ae045e (libc.so.6:rindex) redirected to 0x48741c0 (_vgnU_ifunc_wrapper)
--38577-- REDIR: 0x4af44fe (libc.so.6:wcscmp) redirected to 0x48741c0 (_vgnU_ifunc_wrapper)
--38577-- REDIR: 0x4add1ae (libc.so.6:stpncpy) redirected to 0x48741c0 (_vgnU_ifunc_wrapper)
--38577-- REDIR: 0x4b01aee (libc.so.6:wmemchr) redirected to 0x48741c0 (_vgnU_ifunc_wrapper)
--38577-- REDIR: 0x4ae01de (libc.so.6:strncmp) redirected to 0x48741c0 (_vgnU_ifunc_wrapper)
--38577-- REDIR: 0x4add22e (libc.so.6:strcasecmp) redirected to 0x48741c0 (_vgnU_ifunc_wrapper)
--38577-- REDIR: 0x4adf2ee (libc.so.6:strcspn) redirected to 0x48741c0 (_vgnU_ifunc_wrapper)
--38577-- REDIR: 0x4af54de (libc.so.6:wcscpy) redirected to 0x48741c0 (_vgnU_ifunc_wrapper)
--38577-- REDIR: 0x4adddce (libc.so.6:strcat) redirected to 0x48741c0 (_vgnU_ifunc_wrapper)
--38577-- REDIR: 0x4ae00ae (libc.so.6:strncasecmp_l) redirected to 0x48741c0 (_vgnU_ifunc_wrapper)
--38577-- REDIR: 0x4addeee (libc.so.6:strchrnul) redirected to 0x48741c0 (_vgnU_ifunc_wrapper)
--38577-- REDIR: 0x4adc11e (libc.so.6:bcmp) redirected to 0x48741c0 (_vgnU_ifunc_wrapper)
--38577-- REDIR: 0x4adf26e (libc.so.6:strcpy) redirected to 0x48741c0 (_vgnU_ifunc_wrapper)
--38577-- REDIR: 0x4add2de (libc.so.6:strcasecmp_l) redirected to 0x48741c0 (_vgnU_ifunc_wrapper)
--38577-- REDIR: 0x4adff5e (libc.so.6:strlen) redirected to 0x48741c0 (_vgnU_ifunc_wrapper)
--38577-- REDIR: 0x4ae028e (libc.so.6:strncpy) redirected to 0x48741c0 (_vgnU_ifunc_wrapper)
--38577-- REDIR: 0x4b01b7e (libc.so.6:wmemcmp) redirected to 0x48741c0 (_vgnU_ifunc_wrapper)
--38577-- REDIR: 0x4b5d6ae (libc.so.6:__memmove_chk) redirected to 0x48741c0 (_vgnU_ifunc_wrapper)
==38577== WARNING: new redirection conflicts with existing -- ignoring it
--38577--     old: 0x04ae428e (__memcpy_chk_sse2_un) R-> (2030.0) 0x0488e030 __memcpy_chk
--38577--     new: 0x04ae428e (__memcpy_chk_sse2_un) R-> (2024.0) 0x0488d900 __memmove_chk
--38577-- REDIR: 0x4add12e (libc.so.6:stpcpy) redirected to 0x48741c0 (_vgnU_ifunc_wrapper)
--38577-- REDIR: 0x4adcc0e (libc.so.6:memmove) redirected to 0x48741c0 (_vgnU_ifunc_wrapper)
--38577-- REDIR: 0x4adc07e (libc.so.6:memchr) redirected to 0x48741c0 (_vgnU_ifunc_wrapper)
--38577-- REDIR: 0x4ae06ce (libc.so.6:strspn) redirected to 0x48741c0 (_vgnU_ifunc_wrapper)
--38577-- REDIR: 0x4af402e (libc.so.6:wcpncpy) redirected to 0x48741c0 (_vgnU_ifunc_wrapper)
--38577-- REDIR: 0x4adcd2e (libc.so.6:mempcpy) redirected to 0x48741c0 (_vgnU_ifunc_wrapper)
--38577-- REDIR: 0x4adfffe (libc.so.6:strncasecmp) redirected to 0x48741c0 (_vgnU_ifunc_wrapper)
--38577-- REDIR: 0x4ae10be (libc.so.6:strstr) redirected to 0x48741c0 (_vgnU_ifunc_wrapper)
--38577-- REDIR: 0x4af146e (libc.so.6:__strrchr_sse2) redirected to 0x4887b60 (__strrchr_sse2)
--38577-- REDIR: 0x4ad900e (libc.so.6:calloc) redirected to 0x4885e90 (calloc)
--38577-- REDIR: 0x4ad80be (libc.so.6:malloc) redirected to 0x487e8e0 (malloc)
--38577-- REDIR: 0x4bc91be (libc.so.6:__strcmp_sse42) redirected to 0x4889750 (__strcmp_sse42)
--38577-- REDIR: 0x4aeb50e (libc.so.6:__strlen_sse2) redirected to 0x48882c0 (__strlen_sse2)
--38577-- REDIR: 0x4bcbbce (libc.so.6:__strncmp_sse42) redirected to 0x4888e70 (__strncmp_sse42)
--38577-- REDIR: 0x4ae924e (libc.so.6:__strchr_sse2) redirected to 0x4887ce0 (__strchr_sse2)
--38577-- REDIR: 0x4ad85de (libc.so.6:free) redirected to 0x4881950 (free)
--38577-- REDIR: 0x4af171e (libc.so.6:__strstr_sse2_unaligned) redirected to 0x488e0b0 (strstr)
--38577-- REDIR: 0x4ae428e (libc.so.6:__memcpy_chk_sse2_unaligned) redirected to 0x488e030 (__memcpy_chk)
--38577-- REDIR: 0x4ae393e (libc.so.6:__memchr_sse2) redirected to 0x4889870 (memchr)
--38577-- REDIR: 0x4ae42ae (libc.so.6:memcpy@GLIBC_2.2.5) redirected to 0x4889940 (memcpy@GLIBC_2.2.5)
==38577== Warning: set address range perms: large range [0x5506000, 0x35506000) (defined)
--38577-- REDIR: 0x4ae948e (libc.so.6:__strchrnul_sse2) redirected to 0x488d9a0 (strchrnul)
--38577-- REDIR: 0x4ae4c8e (libc.so.6:__memset_sse2_unaligned_erms) redirected to 0x488caa0 (memset)
--38577-- REDIR: 0x4ae426e (libc.so.6:__mempcpy_sse2_unaligned) redirected to 0x488dae0 (mempcpy)
==38577== 
==38577== HEAP SUMMARY:
==38577==     in use at exit: 0 bytes in 0 blocks
==38577==   total heap usage: 52 allocs, 52 frees, 4,737,309 bytes allocated
==38577== 
==38577== All heap blocks were freed -- no leaks are possible
==38577== 
==38577== ERROR SUMMARY: 0 errors from 0 contexts (suppressed: 0 from 0)
